// Jest Snapshot v1, https://goo.gl/fbAQLP

exports[`Menu should match the snapshot 1`] = `
<nav>
  <h2>
    What's 
    <span>
      New?
    </span>
  </h2>
  <button
    name="health"
    onClick={[Function]}
    type="button"
  >
    Health
  </button>
  <button
    name="entertainment"
    onClick={[Function]}
    type="button"
  >
    Entertainment
  </button>
  <button
    name="science"
    onClick={[Function]}
    type="button"
  >
    Science
  </button>
  <button
    name="technology"
    onClick={[Function]}
    type="button"
  >
    Technology
  </button>
  <button
    name="local"
    onClick={[Function]}
    type="button"
  >
    Local
  </button>
</nav>
`;
